// Vitest Snapshot v1

exports[`mount component 1`] = `"<colgroup></colgroup>"`;
