// Vitest Snapshot v1

exports[`mount component 1`] = `
"<div>
  <table class=\\"table\\">
    <colgroup> {/* 计算列宽 */} </colgroup>
    <thead> {/* 表头组件 */} <si-thead datacolumns=\\"{props.columns}\\"></si-thead>
    </thead>
    <tbody id=\\"tbody\\"> { props.data.map((item: ListType) =&gt; { return <tr class=\\"body-tr\\"> { props.columns.map(head =&gt; { return <td class=\\"body-td\\">{item[head.prop]}</td> }) } </tr> }) } </tbody>
  </table>
  <div class=\\"si-table__footer\\"></div>
  <ul class=\\"si-pagination\\">
    <li class=\\"si-pagination__item\\">&lt;</li>
    <li class=\\"si-pagination__item\\">&gt;</li>
    <div><span>跳至</span><input class=\\"si-pagination__input\\"><span>页</span></div>
  </ul>
</div>"
`;
