// Vitest Snapshot v1

exports[`mount component 1`] = `"<colgroup></colgroup>"`;

exports[`table header 1`] = `""`;

exports[`xxx 1`] = `""`;
