// Vitest Snapshot v1

exports[`Table column 1`] = `""`;

exports[`mount component 1`] = `""`;
